../src/02bis-intext/intext.cpp:46:1:Intext::Intext(uint8_t, uint8_t, uint8_t, void (*)())	24	static
../src/02bis-intext/intext.cpp:55:6:void Intext::setup()	16	static
../src/02bis-intext/intext.cpp:64:6:void Intext::set_callback(void (*)())	16	static
../src/02bis-intext/intext.cpp:69:5:int Intext::set_flanco(flanco_t)	16	static
../src/02bis-intext/intext.cpp:86:5:int Intext::set_nivel(nivel_t)	16	static
../src/02bis-intext/intext.cpp:98:6:void Intext::limpiar_irq()	16	static
../src/02bis-intext/intext.cpp:109:6:void PININT0_IRQHandler()	8	static
../src/02bis-intext/intext.cpp:110:6:void PININT1_IRQHandler()	8	static
../src/02bis-intext/intext.cpp:111:6:void PININT2_IRQHandler()	8	static
../src/02bis-intext/intext.cpp:112:6:void PININT3_IRQHandler()	8	static
../src/02bis-intext/intext.cpp:113:6:void PININT4_IRQHandler()	8	static
../src/02bis-intext/intext.cpp:114:6:void PININT5_IRQHandler()	8	static
