c:\nxp\mcuxpressoide_11.8.0_1165\ide\plugins\com.nxp.mcuxpresso.tools.win32_11.8.0.202306131047\tools\arm-none-eabi\include\c++\12.2.1\new:174:33:void* operator new(std::size_t, void*)	16	static
c:\nxp\mcuxpressoide_11.8.0_1165\ide\plugins\com.nxp.mcuxpresso.tools.win32_11.8.0.202306131047\tools\arm-none-eabi\include\c++\12.2.1\bits\stl_list.h:110:7:std::__detail::_List_node_header::_List_node_header()	16	static
c:\nxp\mcuxpressoide_11.8.0_1165\ide\plugins\com.nxp.mcuxpresso.tools.win32_11.8.0.202306131047\tools\arm-none-eabi\include\c++\12.2.1\bits\stl_list.h:150:7:void std::__detail::_List_node_header::_M_init()	16	static
D:\Desktop\Proyecto Info 2\AccessIO\src\01-pin\in/inputs.h:23:11:inputs::~inputs()	16	static
D:\Desktop\Proyecto Info 2\AccessIO\src\01-pin\in/inputs.h:23:11:virtual inputs::~inputs()	16	static
D:\Desktop\Proyecto Info 2\AccessIO\src\01-pin\out/outputs.h:50:11:outputs::~outputs()	16	static
D:\Desktop\Proyecto Info 2\AccessIO\src\01-pin\out/outputs.h:50:11:virtual outputs::~outputs()	16	static
D:\Desktop\Proyecto Info 2\AccessIO\src\09-display_de_segmentos\09A-barrido/I4017.h:53:3:I4017::I4017(const std::vector<gpio*>&, uint8_t)	24	static
D:\Desktop\Proyecto Info 2\AccessIO\src\09-display_de_segmentos\09B-segmentos/I4511.h:51:3:I4511::I4511(const std::vector<gpio*>&)	16	static
D:\Desktop\Proyecto Info 2\AccessIO\src\09-display_de_segmentos\09C-display/gruposdedigitos.h:48:2:gruposdedigitos::gruposdedigitos(uint8_t, uint8_t)	16	static
c:\nxp\mcuxpressoide_11.8.0_1165\ide\plugins\com.nxp.mcuxpresso.tools.win32_11.8.0.202306131047\tools\arm-none-eabi\include\c++\12.2.1\bits\stl_list.h:450:14:std::__cxx11::_List_base<Callback*, std::allocator<Callback*> >::_List_impl::~_List_impl()	16	static
c:\nxp\mcuxpressoide_11.8.0_1165\ide\plugins\com.nxp.mcuxpresso.tools.win32_11.8.0.202306131047\tools\arm-none-eabi\include\c++\12.2.1\bits\stl_list.h:536:7:std::__cxx11::_List_base<_Tp, _Alloc>::_List_base() [with _Tp = Callback*; _Alloc = std::allocator<Callback*>]	16	static
c:\nxp\mcuxpressoide_11.8.0_1165\ide\plugins\com.nxp.mcuxpresso.tools.win32_11.8.0.202306131047\tools\arm-none-eabi\include\c++\12.2.1\bits\stl_list.h:749:7:std::__cxx11::list<_Tp, _Alloc>::list() [with _Tp = Callback*; _Alloc = std::allocator<Callback*>]	16	static
c:\nxp\mcuxpressoide_11.8.0_1165\ide\plugins\com.nxp.mcuxpresso.tools.win32_11.8.0.202306131047\tools\arm-none-eabi\include\c++\12.2.1\bits\stl_vector.h:133:14:std::_Vector_base<gpio*, std::allocator<gpio*> >::_Vector_impl::~_Vector_impl()	16	static
c:\nxp\mcuxpressoide_11.8.0_1165\ide\plugins\com.nxp.mcuxpresso.tools.win32_11.8.0.202306131047\tools\arm-none-eabi\include\c++\12.2.1\bits\stl_vector.h:312:7:std::_Vector_base<_Tp, _Alloc>::_Vector_base() [with _Tp = gpio*; _Alloc = std::allocator<gpio*>]	16	static
c:\nxp\mcuxpressoide_11.8.0_1165\ide\plugins\com.nxp.mcuxpresso.tools.win32_11.8.0.202306131047\tools\arm-none-eabi\include\c++\12.2.1\bits\stl_vector.h:526:7:std::vector<_Tp, _Alloc>::vector() [with _Tp = gpio*; _Alloc = std::allocator<gpio*>]	16	static
c:\nxp\mcuxpressoide_11.8.0_1165\ide\plugins\com.nxp.mcuxpresso.tools.win32_11.8.0.202306131047\tools\arm-none-eabi\include\c++\12.2.1\bits\stl_vector.h:133:14:std::_Vector_base<gruposdedigitos*, std::allocator<gruposdedigitos*> >::_Vector_impl::~_Vector_impl()	16	static
c:\nxp\mcuxpressoide_11.8.0_1165\ide\plugins\com.nxp.mcuxpresso.tools.win32_11.8.0.202306131047\tools\arm-none-eabi\include\c++\12.2.1\bits\stl_vector.h:312:7:std::_Vector_base<_Tp, _Alloc>::_Vector_base() [with _Tp = gruposdedigitos*; _Alloc = std::allocator<gruposdedigitos*>]	16	static
c:\nxp\mcuxpressoide_11.8.0_1165\ide\plugins\com.nxp.mcuxpresso.tools.win32_11.8.0.202306131047\tools\arm-none-eabi\include\c++\12.2.1\bits\stl_vector.h:526:7:std::vector<_Tp, _Alloc>::vector() [with _Tp = gruposdedigitos*; _Alloc = std::allocator<gruposdedigitos*>]	16	static
../src/aplicacion/inicializarInfotronic.cpp:125:6:void systick_callback()	24	static
../src/aplicacion/inicializarInfotronic.cpp:144:6:void InicializarInfotronic()	72	static
c:\nxp\mcuxpressoide_11.8.0_1165\ide\plugins\com.nxp.mcuxpresso.tools.win32_11.8.0.202306131047\tools\arm-none-eabi\include\c++\12.2.1\bits\stl_list.h:455:2:std::__cxx11::_List_base<_Tp, _Alloc>::_List_impl::_List_impl() [with _Tp = Callback*; _Alloc = std::allocator<Callback*>]	16	static
c:\nxp\mcuxpressoide_11.8.0_1165\ide\plugins\com.nxp.mcuxpresso.tools.win32_11.8.0.202306131047\tools\arm-none-eabi\include\c++\12.2.1\bits\allocator.h:174:7:std::allocator< <template-parameter-1-1> >::~allocator() [with _Tp = std::_List_node<Callback*>]	16	static
c:\nxp\mcuxpressoide_11.8.0_1165\ide\plugins\com.nxp.mcuxpresso.tools.win32_11.8.0.202306131047\tools\arm-none-eabi\include\c++\12.2.1\bits\stl_list.h:574:7:std::__cxx11::_List_base<_Tp, _Alloc>::~_List_base() [with _Tp = Callback*; _Alloc = std::allocator<Callback*>]	16	static
c:\nxp\mcuxpressoide_11.8.0_1165\ide\plugins\com.nxp.mcuxpresso.tools.win32_11.8.0.202306131047\tools\arm-none-eabi\include\c++\12.2.1\bits\stl_vector.h:137:2:std::_Vector_base<_Tp, _Alloc>::_Vector_impl::_Vector_impl() [with _Tp = gpio*; _Alloc = std::allocator<gpio*>]	16	static
c:\nxp\mcuxpressoide_11.8.0_1165\ide\plugins\com.nxp.mcuxpresso.tools.win32_11.8.0.202306131047\tools\arm-none-eabi\include\c++\12.2.1\bits\allocator.h:174:7:std::allocator< <template-parameter-1-1> >::~allocator() [with _Tp = gpio*]	16	static
c:\nxp\mcuxpressoide_11.8.0_1165\ide\plugins\com.nxp.mcuxpresso.tools.win32_11.8.0.202306131047\tools\arm-none-eabi\include\c++\12.2.1\bits\stl_vector.h:364:7:std::_Vector_base<_Tp, _Alloc>::~_Vector_base() [with _Tp = gpio*; _Alloc = std::allocator<gpio*>]	16	static
c:\nxp\mcuxpressoide_11.8.0_1165\ide\plugins\com.nxp.mcuxpresso.tools.win32_11.8.0.202306131047\tools\arm-none-eabi\include\c++\12.2.1\bits\stl_vector.h:137:2:std::_Vector_base<_Tp, _Alloc>::_Vector_impl::_Vector_impl() [with _Tp = gruposdedigitos*; _Alloc = std::allocator<gruposdedigitos*>]	16	static
c:\nxp\mcuxpressoide_11.8.0_1165\ide\plugins\com.nxp.mcuxpresso.tools.win32_11.8.0.202306131047\tools\arm-none-eabi\include\c++\12.2.1\bits\allocator.h:174:7:std::allocator< <template-parameter-1-1> >::~allocator() [with _Tp = gruposdedigitos*]	16	static
c:\nxp\mcuxpressoide_11.8.0_1165\ide\plugins\com.nxp.mcuxpresso.tools.win32_11.8.0.202306131047\tools\arm-none-eabi\include\c++\12.2.1\bits\stl_vector.h:364:7:std::_Vector_base<_Tp, _Alloc>::~_Vector_base() [with _Tp = gruposdedigitos*; _Alloc = std::allocator<gruposdedigitos*>]	16	static
c:\nxp\mcuxpressoide_11.8.0_1165\ide\plugins\com.nxp.mcuxpresso.tools.win32_11.8.0.202306131047\tools\arm-none-eabi\include\c++\12.2.1\bits\stl_list.h:1022:7:std::__cxx11::list<_Tp, _Alloc>::iterator std::__cxx11::list<_Tp, _Alloc>::begin() [with _Tp = Callback*; _Alloc = std::allocator<Callback*>]	24	static
c:\nxp\mcuxpressoide_11.8.0_1165\ide\plugins\com.nxp.mcuxpresso.tools.win32_11.8.0.202306131047\tools\arm-none-eabi\include\c++\12.2.1\bits\stl_list.h:1042:7:std::__cxx11::list<_Tp, _Alloc>::iterator std::__cxx11::list<_Tp, _Alloc>::end() [with _Tp = Callback*; _Alloc = std::allocator<Callback*>]	24	static
c:\nxp\mcuxpressoide_11.8.0_1165\ide\plugins\com.nxp.mcuxpresso.tools.win32_11.8.0.202306131047\tools\arm-none-eabi\include\c++\12.2.1\bits\stl_list.h:324:7:bool std::operator!=(const _List_iterator<Callback*>::_Self&, const _List_iterator<Callback*>::_Self&)	16	static
c:\nxp\mcuxpressoide_11.8.0_1165\ide\plugins\com.nxp.mcuxpresso.tools.win32_11.8.0.202306131047\tools\arm-none-eabi\include\c++\12.2.1\bits\stl_list.h:287:7:std::_List_iterator< <template-parameter-1-1> >::_Self& std::_List_iterator< <template-parameter-1-1> >::operator++() [with _Tp = Callback*]	16	static
c:\nxp\mcuxpressoide_11.8.0_1165\ide\plugins\com.nxp.mcuxpresso.tools.win32_11.8.0.202306131047\tools\arm-none-eabi\include\c++\12.2.1\bits\stl_list.h:278:7:_Tp& std::_List_iterator< <template-parameter-1-1> >::operator*() const [with _Tp = Callback*]	16	static
c:\nxp\mcuxpressoide_11.8.0_1165\ide\plugins\com.nxp.mcuxpresso.tools.win32_11.8.0.202306131047\tools\arm-none-eabi\include\c++\12.2.1\bits\stl_vector.h:1276:7:void std::vector<_Tp, _Alloc>::push_back(const value_type&) [with _Tp = gpio*; _Alloc = std::allocator<gpio*>]	16	static
c:\nxp\mcuxpressoide_11.8.0_1165\ide\plugins\com.nxp.mcuxpresso.tools.win32_11.8.0.202306131047\tools\arm-none-eabi\include\c++\12.2.1\bits\stl_vector.h:1293:7:void std::vector<_Tp, _Alloc>::push_back(value_type&&) [with _Tp = gruposdedigitos*; _Alloc = std::allocator<gruposdedigitos*>]	16	static
c:\nxp\mcuxpressoide_11.8.0_1165\ide\plugins\com.nxp.mcuxpresso.tools.win32_11.8.0.202306131047\tools\arm-none-eabi\include\c++\12.2.1\bits\stl_vector.h:596:7:std::vector<_Tp, _Alloc>::vector(const std::vector<_Tp, _Alloc>&) [with _Tp = gruposdedigitos*; _Alloc = std::allocator<gruposdedigitos*>]	40	static
c:\nxp\mcuxpressoide_11.8.0_1165\ide\plugins\com.nxp.mcuxpresso.tools.win32_11.8.0.202306131047\tools\arm-none-eabi\include\c++\12.2.1\bits\stl_vector.h:728:7:std::vector<_Tp, _Alloc>::~vector() [with _Tp = gruposdedigitos*; _Alloc = std::allocator<gruposdedigitos*>]	24	static
c:\nxp\mcuxpressoide_11.8.0_1165\ide\plugins\com.nxp.mcuxpresso.tools.win32_11.8.0.202306131047\tools\arm-none-eabi\include\c++\12.2.1\bits\allocator.h:156:7:std::allocator< <template-parameter-1-1> >::allocator() [with _Tp = std::_List_node<Callback*>]	16	static
c:\nxp\mcuxpressoide_11.8.0_1165\ide\plugins\com.nxp.mcuxpresso.tools.win32_11.8.0.202306131047\tools\arm-none-eabi\include\c++\12.2.1\bits\new_allocator.h:90:7:std::__new_allocator<_Tp>::~__new_allocator() [with _Tp = std::_List_node<Callback*>]	16	static
c:\nxp\mcuxpressoide_11.8.0_1165\ide\plugins\com.nxp.mcuxpresso.tools.win32_11.8.0.202306131047\tools\arm-none-eabi\include\c++\12.2.1\bits\list.tcc:66:5:void std::__cxx11::_List_base<_Tp, _Alloc>::_M_clear() [with _Tp = Callback*; _Alloc = std::allocator<Callback*>]	32	static
c:\nxp\mcuxpressoide_11.8.0_1165\ide\plugins\com.nxp.mcuxpresso.tools.win32_11.8.0.202306131047\tools\arm-none-eabi\include\c++\12.2.1\bits\allocator.h:156:7:std::allocator< <template-parameter-1-1> >::allocator() [with _Tp = gpio*]	16	static
c:\nxp\mcuxpressoide_11.8.0_1165\ide\plugins\com.nxp.mcuxpresso.tools.win32_11.8.0.202306131047\tools\arm-none-eabi\include\c++\12.2.1\bits\stl_vector.h:99:2:std::_Vector_base<_Tp, _Alloc>::_Vector_impl_data::_Vector_impl_data() [with _Tp = gpio*; _Alloc = std::allocator<gpio*>]	16	static
c:\nxp\mcuxpressoide_11.8.0_1165\ide\plugins\com.nxp.mcuxpresso.tools.win32_11.8.0.202306131047\tools\arm-none-eabi\include\c++\12.2.1\bits\new_allocator.h:90:7:std::__new_allocator<_Tp>::~__new_allocator() [with _Tp = gpio*]	16	static
c:\nxp\mcuxpressoide_11.8.0_1165\ide\plugins\com.nxp.mcuxpresso.tools.win32_11.8.0.202306131047\tools\arm-none-eabi\include\c++\12.2.1\bits\stl_vector.h:383:7:void std::_Vector_base<_Tp, _Alloc>::_M_deallocate(pointer, std::size_t) [with _Tp = gpio*; _Alloc = std::allocator<gpio*>]	24	static
c:\nxp\mcuxpressoide_11.8.0_1165\ide\plugins\com.nxp.mcuxpresso.tools.win32_11.8.0.202306131047\tools\arm-none-eabi\include\c++\12.2.1\bits\allocator.h:156:7:std::allocator< <template-parameter-1-1> >::allocator() [with _Tp = gruposdedigitos*]	16	static
c:\nxp\mcuxpressoide_11.8.0_1165\ide\plugins\com.nxp.mcuxpresso.tools.win32_11.8.0.202306131047\tools\arm-none-eabi\include\c++\12.2.1\bits\stl_vector.h:99:2:std::_Vector_base<_Tp, _Alloc>::_Vector_impl_data::_Vector_impl_data() [with _Tp = gruposdedigitos*; _Alloc = std::allocator<gruposdedigitos*>]	16	static
c:\nxp\mcuxpressoide_11.8.0_1165\ide\plugins\com.nxp.mcuxpresso.tools.win32_11.8.0.202306131047\tools\arm-none-eabi\include\c++\12.2.1\bits\new_allocator.h:90:7:std::__new_allocator<_Tp>::~__new_allocator() [with _Tp = gruposdedigitos*]	16	static
c:\nxp\mcuxpressoide_11.8.0_1165\ide\plugins\com.nxp.mcuxpresso.tools.win32_11.8.0.202306131047\tools\arm-none-eabi\include\c++\12.2.1\bits\stl_vector.h:383:7:void std::_Vector_base<_Tp, _Alloc>::_M_deallocate(pointer, std::size_t) [with _Tp = gruposdedigitos*; _Alloc = std::allocator<gruposdedigitos*>]	24	static
c:\nxp\mcuxpressoide_11.8.0_1165\ide\plugins\com.nxp.mcuxpresso.tools.win32_11.8.0.202306131047\tools\arm-none-eabi\include\c++\12.2.1\bits\stl_list.h:268:7:std::_List_iterator< <template-parameter-1-1> >::_List_iterator(std::__detail::_List_node_base*) [with _Tp = Callback*]	16	static
c:\nxp\mcuxpressoide_11.8.0_1165\ide\plugins\com.nxp.mcuxpresso.tools.win32_11.8.0.202306131047\tools\arm-none-eabi\include\c++\12.2.1\bits\stl_list.h:238:18:_Tp* std::_List_node<_Tp>::_M_valptr() [with _Tp = Callback*]	16	static
c:\nxp\mcuxpressoide_11.8.0_1165\ide\plugins\com.nxp.mcuxpresso.tools.win32_11.8.0.202306131047\tools\arm-none-eabi\include\c++\12.2.1\bits\alloc_traits.h:511:2:) [with _Up = gpio*; _Args = {gpio* const&}; _Tp = gpio*]	24	static
c:\nxp\mcuxpressoide_11.8.0_1165\ide\plugins\com.nxp.mcuxpresso.tools.win32_11.8.0.202306131047\tools\arm-none-eabi\include\c++\12.2.1\bits\stl_vector.h:888:7:std::vector<_Tp, _Alloc>::iterator std::vector<_Tp, _Alloc>::end() [with _Tp = gpio*; _Alloc = std::allocator<gpio*>]	24	static
c:\nxp\mcuxpressoide_11.8.0_1165\ide\plugins\com.nxp.mcuxpresso.tools.win32_11.8.0.202306131047\tools\arm-none-eabi\include\c++\12.2.1\bits\vector.tcc:439:7:) [with _Args = {gpio* const&}; _Tp = gpio*; _Alloc = std::allocator<gpio*>]	72	static
c:\nxp\mcuxpressoide_11.8.0_1165\ide\plugins\com.nxp.mcuxpresso.tools.win32_11.8.0.202306131047\tools\arm-none-eabi\include\c++\12.2.1\bits\move.h:104:5:constexpr typename std::remove_reference<_Tp>::type&& std::move(_Tp&&) [with _Tp = gruposdedigitos*&]	16	static
c:\nxp\mcuxpressoide_11.8.0_1165\ide\plugins\com.nxp.mcuxpresso.tools.win32_11.8.0.202306131047\tools\arm-none-eabi\include\c++\12.2.1\bits\vector.tcc:111:7:) [with _Args = {gruposdedigitos*}; _Tp = gruposdedigitos*; _Alloc = std::allocator<gruposdedigitos*>]	24	static
c:\nxp\mcuxpressoide_11.8.0_1165\ide\plugins\com.nxp.mcuxpresso.tools.win32_11.8.0.202306131047\tools\arm-none-eabi\include\c++\12.2.1\bits\stl_vector.h:987:7:std::vector<_Tp, _Alloc>::size_type std::vector<_Tp, _Alloc>::size() const [with _Tp = gruposdedigitos*; _Alloc = std::allocator<gruposdedigitos*>]	16	static
c:\nxp\mcuxpressoide_11.8.0_1165\ide\plugins\com.nxp.mcuxpresso.tools.win32_11.8.0.202306131047\tools\arm-none-eabi\include\c++\12.2.1\bits\stl_vector.h:303:7:const std::_Vector_base<_Tp, _Alloc>::_Tp_alloc_type& std::_Vector_base<_Tp, _Alloc>::_M_get_Tp_allocator() const [with _Tp = gruposdedigitos*; _Alloc = std::allocator<gruposdedigitos*>]	16	static
c:\nxp\mcuxpressoide_11.8.0_1165\ide\plugins\com.nxp.mcuxpresso.tools.win32_11.8.0.202306131047\tools\arm-none-eabi\include\c++\12.2.1\ext\alloc_traits.h:97:29:static constexpr _Alloc __gnu_cxx::__alloc_traits<_Alloc, <template-parameter-1-2> >::_S_select_on_copy(const _Alloc&) [with _Alloc = std::allocator<gruposdedigitos*>; <template-parameter-1-2> = gruposdedigitos*]	16	static
c:\nxp\mcuxpressoide_11.8.0_1165\ide\plugins\com.nxp.mcuxpresso.tools.win32_11.8.0.202306131047\tools\arm-none-eabi\include\c++\12.2.1\bits\stl_vector.h:330:7:std::_Vector_base<_Tp, _Alloc>::_Vector_base(std::size_t, const allocator_type&) [with _Tp = gruposdedigitos*; _Alloc = std::allocator<gruposdedigitos*>]	24	static
c:\nxp\mcuxpressoide_11.8.0_1165\ide\plugins\com.nxp.mcuxpresso.tools.win32_11.8.0.202306131047\tools\arm-none-eabi\include\c++\12.2.1\bits\stl_vector.h:878:7:std::vector<_Tp, _Alloc>::const_iterator std::vector<_Tp, _Alloc>::begin() const [with _Tp = gruposdedigitos*; _Alloc = std::allocator<gruposdedigitos*>]	24	static
c:\nxp\mcuxpressoide_11.8.0_1165\ide\plugins\com.nxp.mcuxpresso.tools.win32_11.8.0.202306131047\tools\arm-none-eabi\include\c++\12.2.1\bits\stl_vector.h:898:7:std::vector<_Tp, _Alloc>::const_iterator std::vector<_Tp, _Alloc>::end() const [with _Tp = gruposdedigitos*; _Alloc = std::allocator<gruposdedigitos*>]	24	static
c:\nxp\mcuxpressoide_11.8.0_1165\ide\plugins\com.nxp.mcuxpresso.tools.win32_11.8.0.202306131047\tools\arm-none-eabi\include\c++\12.2.1\bits\stl_vector.h:298:7:std::_Vector_base<_Tp, _Alloc>::_Tp_alloc_type& std::_Vector_base<_Tp, _Alloc>::_M_get_Tp_allocator() [with _Tp = gruposdedigitos*; _Alloc = std::allocator<gruposdedigitos*>]	16	static
c:\nxp\mcuxpressoide_11.8.0_1165\ide\plugins\com.nxp.mcuxpresso.tools.win32_11.8.0.202306131047\tools\arm-none-eabi\include\c++\12.2.1\bits\stl_uninitialized.h:365:5:_ForwardIterator std::__uninitialized_copy_a(_InputIterator, _InputIterator, _ForwardIterator, allocator<_Tp>&) [with _InputIterator = __gnu_cxx::__normal_iterator<gruposdedigitos* const*, vector<gruposdedigitos*> >; _ForwardIterator = gruposdedigitos**; _Tp = gruposdedigitos*]	24	static
c:\nxp\mcuxpressoide_11.8.0_1165\ide\plugins\com.nxp.mcuxpresso.tools.win32_11.8.0.202306131047\tools\arm-none-eabi\include\c++\12.2.1\bits\alloc_traits.h:847:5:void std::_Destroy(_ForwardIterator, _ForwardIterator, allocator<_T2>&) [with _ForwardIterator = gruposdedigitos**; _Tp = gruposdedigitos*]	24	static
c:\nxp\mcuxpressoide_11.8.0_1165\ide\plugins\com.nxp.mcuxpresso.tools.win32_11.8.0.202306131047\tools\arm-none-eabi\include\c++\12.2.1\bits\new_allocator.h:80:7:std::__new_allocator<_Tp>::__new_allocator() [with _Tp = std::_List_node<Callback*>]	16	static
c:\nxp\mcuxpressoide_11.8.0_1165\ide\plugins\com.nxp.mcuxpresso.tools.win32_11.8.0.202306131047\tools\arm-none-eabi\include\c++\12.2.1\bits\stl_list.h:528:7:std::__cxx11::_List_base<_Tp, _Alloc>::_Node_alloc_type& std::__cxx11::_List_base<_Tp, _Alloc>::_M_get_Node_allocator() [with _Tp = Callback*; _Alloc = std::allocator<Callback*>]	16	static
c:\nxp\mcuxpressoide_11.8.0_1165\ide\plugins\com.nxp.mcuxpresso.tools.win32_11.8.0.202306131047\tools\arm-none-eabi\include\c++\12.2.1\bits\alloc_traits.h:531:2:static void std::allocator_traits<std::allocator<_Tp1> >::destroy(allocator_type&, _Up*) [with _Up = Callback*; _Tp = std::_List_node<Callback*>]	16	static
c:\nxp\mcuxpressoide_11.8.0_1165\ide\plugins\com.nxp.mcuxpresso.tools.win32_11.8.0.202306131047\tools\arm-none-eabi\include\c++\12.2.1\bits\stl_list.h:521:7:void std::__cxx11::_List_base<_Tp, _Alloc>::_M_put_node(typename _Node_alloc_traits::pointer) [with _Tp = Callback*; _Alloc = std::allocator<Callback*>]	16	static
c:\nxp\mcuxpressoide_11.8.0_1165\ide\plugins\com.nxp.mcuxpresso.tools.win32_11.8.0.202306131047\tools\arm-none-eabi\include\c++\12.2.1\bits\new_allocator.h:80:7:std::__new_allocator<_Tp>::__new_allocator() [with _Tp = gpio*]	16	static
c:\nxp\mcuxpressoide_11.8.0_1165\ide\plugins\com.nxp.mcuxpresso.tools.win32_11.8.0.202306131047\tools\arm-none-eabi\include\c++\12.2.1\bits\alloc_traits.h:495:7:static void std::allocator_traits<std::allocator<_Tp1> >::deallocate(allocator_type&, pointer, size_type) [with _Tp = gpio*]	24	static
c:\nxp\mcuxpressoide_11.8.0_1165\ide\plugins\com.nxp.mcuxpresso.tools.win32_11.8.0.202306131047\tools\arm-none-eabi\include\c++\12.2.1\bits\new_allocator.h:80:7:std::__new_allocator<_Tp>::__new_allocator() [with _Tp = gruposdedigitos*]	16	static
c:\nxp\mcuxpressoide_11.8.0_1165\ide\plugins\com.nxp.mcuxpresso.tools.win32_11.8.0.202306131047\tools\arm-none-eabi\include\c++\12.2.1\bits\alloc_traits.h:495:7:static void std::allocator_traits<std::allocator<_Tp1> >::deallocate(allocator_type&, pointer, size_type) [with _Tp = gruposdedigitos*]	24	static
c:\nxp\mcuxpressoide_11.8.0_1165\ide\plugins\com.nxp.mcuxpresso.tools.win32_11.8.0.202306131047\tools\arm-none-eabi\include\c++\12.2.1\ext\aligned_buffer.h:72:7:_Tp* __gnu_cxx::__aligned_membuf<_Tp>::_M_ptr() [with _Tp = Callback*]	16	static
c:\nxp\mcuxpressoide_11.8.0_1165\ide\plugins\com.nxp.mcuxpresso.tools.win32_11.8.0.202306131047\tools\arm-none-eabi\include\c++\12.2.1\bits\move.h:77:5:constexpr _Tp&& std::forward(typename remove_reference<_Tp>::type&) [with _Tp = gpio* const&]	16	static
c:\nxp\mcuxpressoide_11.8.0_1165\ide\plugins\com.nxp.mcuxpresso.tools.win32_11.8.0.202306131047\tools\arm-none-eabi\include\c++\12.2.1\bits\new_allocator.h:173:2:) [with _Up = gpio*; _Args = {gpio* const&}; _Tp = gpio*]	32	static
c:\nxp\mcuxpressoide_11.8.0_1165\ide\plugins\com.nxp.mcuxpresso.tools.win32_11.8.0.202306131047\tools\arm-none-eabi\include\c++\12.2.1\bits\stl_iterator.h:1072:7:__gnu_cxx::__normal_iterator<_Iterator, _Container>::__normal_iterator(const _Iterator&) [with _Iterator = gpio**; _Container = std::vector<gpio*>]	16	static
c:\nxp\mcuxpressoide_11.8.0_1165\ide\plugins\com.nxp.mcuxpresso.tools.win32_11.8.0.202306131047\tools\arm-none-eabi\include\c++\12.2.1\bits\stl_vector.h:1891:7:std::vector<_Tp, _Alloc>::size_type std::vector<_Tp, _Alloc>::_M_check_len(size_type, const char*) const [with _Tp = gpio*; _Alloc = std::allocator<gpio*>]	40	static
c:\nxp\mcuxpressoide_11.8.0_1165\ide\plugins\com.nxp.mcuxpresso.tools.win32_11.8.0.202306131047\tools\arm-none-eabi\include\c++\12.2.1\bits\stl_vector.h:868:7:std::vector<_Tp, _Alloc>::iterator std::vector<_Tp, _Alloc>::begin() [with _Tp = gpio*; _Alloc = std::allocator<gpio*>]	24	static
c:\nxp\mcuxpressoide_11.8.0_1165\ide\plugins\com.nxp.mcuxpresso.tools.win32_11.8.0.202306131047\tools\arm-none-eabi\include\c++\12.2.1\bits\stl_iterator.h:1330:5:typename __gnu_cxx::__normal_iterator<_Iterator, _Container>::difference_type __gnu_cxx::operator-(const __normal_iterator<_Iterator, _Container>&, const __normal_iterator<_Iterator, _Container>&) [with _Iterator = gpio**; _Container = std::vector<gpio*>]	24	static
c:\nxp\mcuxpressoide_11.8.0_1165\ide\plugins\com.nxp.mcuxpresso.tools.win32_11.8.0.202306131047\tools\arm-none-eabi\include\c++\12.2.1\bits\stl_vector.h:375:7:std::_Vector_base<_Tp, _Alloc>::pointer std::_Vector_base<_Tp, _Alloc>::_M_allocate(std::size_t) [with _Tp = gpio*; _Alloc = std::allocator<gpio*>]	16	static
c:\nxp\mcuxpressoide_11.8.0_1165\ide\plugins\com.nxp.mcuxpresso.tools.win32_11.8.0.202306131047\tools\arm-none-eabi\include\c++\12.2.1\bits\stl_vector.h:499:7:static std::vector<_Tp, _Alloc>::pointer std::vector<_Tp, _Alloc>::_S_relocate(pointer, pointer, pointer, _Tp_alloc_type&) [with _Tp = gpio*; _Alloc = std::allocator<gpio*>]	24	static
c:\nxp\mcuxpressoide_11.8.0_1165\ide\plugins\com.nxp.mcuxpresso.tools.win32_11.8.0.202306131047\tools\arm-none-eabi\include\c++\12.2.1\bits\stl_iterator.h:1158:7:const _Iterator& __gnu_cxx::__normal_iterator<_Iterator, _Container>::base() const [with _Iterator = gpio**; _Container = std::vector<gpio*>]	16	static
c:\nxp\mcuxpressoide_11.8.0_1165\ide\plugins\com.nxp.mcuxpresso.tools.win32_11.8.0.202306131047\tools\arm-none-eabi\include\c++\12.2.1\bits\stl_vector.h:298:7:std::_Vector_base<_Tp, _Alloc>::_Tp_alloc_type& std::_Vector_base<_Tp, _Alloc>::_M_get_Tp_allocator() [with _Tp = gpio*; _Alloc = std::allocator<gpio*>]	16	static
c:\nxp\mcuxpressoide_11.8.0_1165\ide\plugins\com.nxp.mcuxpresso.tools.win32_11.8.0.202306131047\tools\arm-none-eabi\include\c++\12.2.1\bits\alloc_traits.h:847:5:void std::_Destroy(_ForwardIterator, _ForwardIterator, allocator<_T2>&) [with _ForwardIterator = gpio**; _Tp = gpio*]	24	static
c:\nxp\mcuxpressoide_11.8.0_1165\ide\plugins\com.nxp.mcuxpresso.tools.win32_11.8.0.202306131047\tools\arm-none-eabi\include\c++\12.2.1\bits\move.h:77:5:constexpr _Tp&& std::forward(typename remove_reference<_Tp>::type&) [with _Tp = gruposdedigitos*]	16	static
c:\nxp\mcuxpressoide_11.8.0_1165\ide\plugins\com.nxp.mcuxpresso.tools.win32_11.8.0.202306131047\tools\arm-none-eabi\include\c++\12.2.1\bits\alloc_traits.h:511:2:) [with _Up = gruposdedigitos*; _Args = {gruposdedigitos*}; _Tp = gruposdedigitos*]	24	static
c:\nxp\mcuxpressoide_11.8.0_1165\ide\plugins\com.nxp.mcuxpresso.tools.win32_11.8.0.202306131047\tools\arm-none-eabi\include\c++\12.2.1\bits\stl_vector.h:888:7:std::vector<_Tp, _Alloc>::iterator std::vector<_Tp, _Alloc>::end() [with _Tp = gruposdedigitos*; _Alloc = std::allocator<gruposdedigitos*>]	24	static
c:\nxp\mcuxpressoide_11.8.0_1165\ide\plugins\com.nxp.mcuxpresso.tools.win32_11.8.0.202306131047\tools\arm-none-eabi\include\c++\12.2.1\bits\vector.tcc:439:7:) [with _Args = {gruposdedigitos*}; _Tp = gruposdedigitos*; _Alloc = std::allocator<gruposdedigitos*>]	72	static
c:\nxp\mcuxpressoide_11.8.0_1165\ide\plugins\com.nxp.mcuxpresso.tools.win32_11.8.0.202306131047\tools\arm-none-eabi\include\c++\12.2.1\bits\stl_vector.h:1228:7:std::vector<_Tp, _Alloc>::reference std::vector<_Tp, _Alloc>::back() [with _Tp = gruposdedigitos*; _Alloc = std::allocator<gruposdedigitos*>]	24	static
c:\nxp\mcuxpressoide_11.8.0_1165\ide\plugins\com.nxp.mcuxpresso.tools.win32_11.8.0.202306131047\tools\arm-none-eabi\include\c++\12.2.1\bits\alloc_traits.h:562:7:static std::allocator_traits<std::allocator<_Tp1> >::allocator_type std::allocator_traits<std::allocator<_Tp1> >::select_on_container_copy_construction(const allocator_type&) [with _Tp = gruposdedigitos*]	16	static
c:\nxp\mcuxpressoide_11.8.0_1165\ide\plugins\com.nxp.mcuxpresso.tools.win32_11.8.0.202306131047\tools\arm-none-eabi\include\c++\12.2.1\bits\stl_vector.h:143:2:std::_Vector_base<_Tp, _Alloc>::_Vector_impl::_Vector_impl(const std::_Vector_base<_Tp, _Alloc>::_Tp_alloc_type&) [with _Tp = gruposdedigitos*; _Alloc = std::allocator<gruposdedigitos*>]	16	static
c:\nxp\mcuxpressoide_11.8.0_1165\ide\plugins\com.nxp.mcuxpresso.tools.win32_11.8.0.202306131047\tools\arm-none-eabi\include\c++\12.2.1\bits\stl_vector.h:393:7:void std::_Vector_base<_Tp, _Alloc>::_M_create_storage(std::size_t) [with _Tp = gruposdedigitos*; _Alloc = std::allocator<gruposdedigitos*>]	16	static
c:\nxp\mcuxpressoide_11.8.0_1165\ide\plugins\com.nxp.mcuxpresso.tools.win32_11.8.0.202306131047\tools\arm-none-eabi\include\c++\12.2.1\bits\stl_iterator.h:1072:7:__gnu_cxx::__normal_iterator<_Iterator, _Container>::__normal_iterator(const _Iterator&) [with _Iterator = gruposdedigitos* const*; _Container = std::vector<gruposdedigitos*>]	16	static
c:\nxp\mcuxpressoide_11.8.0_1165\ide\plugins\com.nxp.mcuxpresso.tools.win32_11.8.0.202306131047\tools\arm-none-eabi\include\c++\12.2.1\bits\stl_uninitialized.h:163:5:_ForwardIterator std::uninitialized_copy(_InputIterator, _InputIterator, _ForwardIterator) [with _InputIterator = __gnu_cxx::__normal_iterator<gruposdedigitos* const*, vector<gruposdedigitos*> >; _ForwardIterator = gruposdedigitos**]	32	static
c:\nxp\mcuxpressoide_11.8.0_1165\ide\plugins\com.nxp.mcuxpresso.tools.win32_11.8.0.202306131047\tools\arm-none-eabi\include\c++\12.2.1\bits\stl_construct.h:182:5:void std::_Destroy(_ForwardIterator, _ForwardIterator) [with _ForwardIterator = gruposdedigitos**]	16	static
c:\nxp\mcuxpressoide_11.8.0_1165\ide\plugins\com.nxp.mcuxpresso.tools.win32_11.8.0.202306131047\tools\arm-none-eabi\include\c++\12.2.1\bits\new_allocator.h:179:2:void std::__new_allocator<_Tp>::destroy(_Up*) [with _Up = Callback*; _Tp = std::_List_node<Callback*>]	16	static
c:\nxp\mcuxpressoide_11.8.0_1165\ide\plugins\com.nxp.mcuxpresso.tools.win32_11.8.0.202306131047\tools\arm-none-eabi\include\c++\12.2.1\bits\alloc_traits.h:495:7:static void std::allocator_traits<std::allocator<_Tp1> >::deallocate(allocator_type&, pointer, size_type) [with _Tp = std::_List_node<Callback*>]	24	static
c:\nxp\mcuxpressoide_11.8.0_1165\ide\plugins\com.nxp.mcuxpresso.tools.win32_11.8.0.202306131047\tools\arm-none-eabi\include\c++\12.2.1\bits\new_allocator.h:142:7:void std::__new_allocator<_Tp>::deallocate(_Tp*, size_type) [with _Tp = gpio*]	24	static
c:\nxp\mcuxpressoide_11.8.0_1165\ide\plugins\com.nxp.mcuxpresso.tools.win32_11.8.0.202306131047\tools\arm-none-eabi\include\c++\12.2.1\bits\new_allocator.h:142:7:void std::__new_allocator<_Tp>::deallocate(_Tp*, size_type) [with _Tp = gruposdedigitos*]	24	static
c:\nxp\mcuxpressoide_11.8.0_1165\ide\plugins\com.nxp.mcuxpresso.tools.win32_11.8.0.202306131047\tools\arm-none-eabi\include\c++\12.2.1\ext\aligned_buffer.h:64:7:void* __gnu_cxx::__aligned_membuf<_Tp>::_M_addr() [with _Tp = Callback*]	16	static
c:\nxp\mcuxpressoide_11.8.0_1165\ide\plugins\com.nxp.mcuxpresso.tools.win32_11.8.0.202306131047\tools\arm-none-eabi\include\c++\12.2.1\bits\stl_vector.h:993:7:std::vector<_Tp, _Alloc>::size_type std::vector<_Tp, _Alloc>::max_size() const [with _Tp = gpio*; _Alloc = std::allocator<gpio*>]	16	static
c:\nxp\mcuxpressoide_11.8.0_1165\ide\plugins\com.nxp.mcuxpresso.tools.win32_11.8.0.202306131047\tools\arm-none-eabi\include\c++\12.2.1\bits\stl_vector.h:987:7:std::vector<_Tp, _Alloc>::size_type std::vector<_Tp, _Alloc>::size() const [with _Tp = gpio*; _Alloc = std::allocator<gpio*>]	16	static
c:\nxp\mcuxpressoide_11.8.0_1165\ide\plugins\com.nxp.mcuxpresso.tools.win32_11.8.0.202306131047\tools\arm-none-eabi\include\c++\12.2.1\bits\stl_algobase.h:254:5:constexpr const _Tp& std::max(const _Tp&, const _Tp&) [with _Tp = unsigned int]	16	static
c:\nxp\mcuxpressoide_11.8.0_1165\ide\plugins\com.nxp.mcuxpresso.tools.win32_11.8.0.202306131047\tools\arm-none-eabi\include\c++\12.2.1\bits\alloc_traits.h:463:7:static _Tp* std::allocator_traits<std::allocator<_Tp1> >::allocate(allocator_type&, size_type) [with _Tp = gpio*]	16	static
c:\nxp\mcuxpressoide_11.8.0_1165\ide\plugins\com.nxp.mcuxpresso.tools.win32_11.8.0.202306131047\tools\arm-none-eabi\include\c++\12.2.1\bits\stl_uninitialized.h:1127:5:_ForwardIterator std::__relocate_a(_InputIterator, _InputIterator, _ForwardIterator, _Allocator&) [with _InputIterator = gpio**; _ForwardIterator = gpio**; _Allocator = allocator<gpio*>]	32	static
c:\nxp\mcuxpressoide_11.8.0_1165\ide\plugins\com.nxp.mcuxpresso.tools.win32_11.8.0.202306131047\tools\arm-none-eabi\include\c++\12.2.1\bits\stl_construct.h:182:5:void std::_Destroy(_ForwardIterator, _ForwardIterator) [with _ForwardIterator = gpio**]	16	static
c:\nxp\mcuxpressoide_11.8.0_1165\ide\plugins\com.nxp.mcuxpresso.tools.win32_11.8.0.202306131047\tools\arm-none-eabi\include\c++\12.2.1\bits\new_allocator.h:173:2:) [with _Up = gruposdedigitos*; _Args = {gruposdedigitos*}; _Tp = gruposdedigitos*]	32	static
c:\nxp\mcuxpressoide_11.8.0_1165\ide\plugins\com.nxp.mcuxpresso.tools.win32_11.8.0.202306131047\tools\arm-none-eabi\include\c++\12.2.1\bits\stl_iterator.h:1072:7:__gnu_cxx::__normal_iterator<_Iterator, _Container>::__normal_iterator(const _Iterator&) [with _Iterator = gruposdedigitos**; _Container = std::vector<gruposdedigitos*>]	16	static
c:\nxp\mcuxpressoide_11.8.0_1165\ide\plugins\com.nxp.mcuxpresso.tools.win32_11.8.0.202306131047\tools\arm-none-eabi\include\c++\12.2.1\bits\stl_vector.h:1891:7:std::vector<_Tp, _Alloc>::size_type std::vector<_Tp, _Alloc>::_M_check_len(size_type, const char*) const [with _Tp = gruposdedigitos*; _Alloc = std::allocator<gruposdedigitos*>]	40	static
c:\nxp\mcuxpressoide_11.8.0_1165\ide\plugins\com.nxp.mcuxpresso.tools.win32_11.8.0.202306131047\tools\arm-none-eabi\include\c++\12.2.1\bits\stl_vector.h:868:7:std::vector<_Tp, _Alloc>::iterator std::vector<_Tp, _Alloc>::begin() [with _Tp = gruposdedigitos*; _Alloc = std::allocator<gruposdedigitos*>]	24	static
c:\nxp\mcuxpressoide_11.8.0_1165\ide\plugins\com.nxp.mcuxpresso.tools.win32_11.8.0.202306131047\tools\arm-none-eabi\include\c++\12.2.1\bits\stl_iterator.h:1330:5:typename __gnu_cxx::__normal_iterator<_Iterator, _Container>::difference_type __gnu_cxx::operator-(const __normal_iterator<_Iterator, _Container>&, const __normal_iterator<_Iterator, _Container>&) [with _Iterator = gruposdedigitos**; _Container = std::vector<gruposdedigitos*>]	24	static
c:\nxp\mcuxpressoide_11.8.0_1165\ide\plugins\com.nxp.mcuxpresso.tools.win32_11.8.0.202306131047\tools\arm-none-eabi\include\c++\12.2.1\bits\stl_vector.h:375:7:std::_Vector_base<_Tp, _Alloc>::pointer std::_Vector_base<_Tp, _Alloc>::_M_allocate(std::size_t) [with _Tp = gruposdedigitos*; _Alloc = std::allocator<gruposdedigitos*>]	16	static
c:\nxp\mcuxpressoide_11.8.0_1165\ide\plugins\com.nxp.mcuxpresso.tools.win32_11.8.0.202306131047\tools\arm-none-eabi\include\c++\12.2.1\bits\stl_vector.h:499:7:static std::vector<_Tp, _Alloc>::pointer std::vector<_Tp, _Alloc>::_S_relocate(pointer, pointer, pointer, _Tp_alloc_type&) [with _Tp = gruposdedigitos*; _Alloc = std::allocator<gruposdedigitos*>]	24	static
c:\nxp\mcuxpressoide_11.8.0_1165\ide\plugins\com.nxp.mcuxpresso.tools.win32_11.8.0.202306131047\tools\arm-none-eabi\include\c++\12.2.1\bits\stl_iterator.h:1158:7:const _Iterator& __gnu_cxx::__normal_iterator<_Iterator, _Container>::base() const [with _Iterator = gruposdedigitos**; _Container = std::vector<gruposdedigitos*>]	16	static
c:\nxp\mcuxpressoide_11.8.0_1165\ide\plugins\com.nxp.mcuxpresso.tools.win32_11.8.0.202306131047\tools\arm-none-eabi\include\c++\12.2.1\bits\stl_iterator.h:1153:7:__gnu_cxx::__normal_iterator<_Iterator, _Container> __gnu_cxx::__normal_iterator<_Iterator, _Container>::operator-(difference_type) const [with _Iterator = gruposdedigitos**; _Container = std::vector<gruposdedigitos*>]	24	static
c:\nxp\mcuxpressoide_11.8.0_1165\ide\plugins\com.nxp.mcuxpresso.tools.win32_11.8.0.202306131047\tools\arm-none-eabi\include\c++\12.2.1\bits\stl_iterator.h:1095:7:__gnu_cxx::__normal_iterator<_Iterator, _Container>::reference __gnu_cxx::__normal_iterator<_Iterator, _Container>::operator*() const [with _Iterator = gruposdedigitos**; _Container = std::vector<gruposdedigitos*>]	16	static
c:\nxp\mcuxpressoide_11.8.0_1165\ide\plugins\com.nxp.mcuxpresso.tools.win32_11.8.0.202306131047\tools\arm-none-eabi\include\c++\12.2.1\bits\allocator.h:159:7:std::allocator< <template-parameter-1-1> >::allocator(const std::allocator< <template-parameter-1-1> >&) [with _Tp = gruposdedigitos*]	16	static
c:\nxp\mcuxpressoide_11.8.0_1165\ide\plugins\com.nxp.mcuxpresso.tools.win32_11.8.0.202306131047\tools\arm-none-eabi\include\c++\12.2.1\bits\stl_uninitialized.h:145:9:static _ForwardIterator std::__uninitialized_copy<true>::__uninit_copy(_InputIterator, _InputIterator, _ForwardIterator) [with _InputIterator = __gnu_cxx::__normal_iterator<gruposdedigitos* const*, std::vector<gruposdedigitos*> >; _ForwardIterator = gruposdedigitos**]	24	static
c:\nxp\mcuxpressoide_11.8.0_1165\ide\plugins\com.nxp.mcuxpresso.tools.win32_11.8.0.202306131047\tools\arm-none-eabi\include\c++\12.2.1\bits\stl_construct.h:172:9:static void std::_Destroy_aux<true>::__destroy(_ForwardIterator, _ForwardIterator) [with _ForwardIterator = gruposdedigitos**]	16	static
c:\nxp\mcuxpressoide_11.8.0_1165\ide\plugins\com.nxp.mcuxpresso.tools.win32_11.8.0.202306131047\tools\arm-none-eabi\include\c++\12.2.1\bits\new_allocator.h:142:7:void std::__new_allocator<_Tp>::deallocate(_Tp*, size_type) [with _Tp = std::_List_node<Callback*>]	24	static
c:\nxp\mcuxpressoide_11.8.0_1165\ide\plugins\com.nxp.mcuxpresso.tools.win32_11.8.0.202306131047\tools\arm-none-eabi\include\c++\12.2.1\bits\stl_vector.h:1911:7:static std::vector<_Tp, _Alloc>::size_type std::vector<_Tp, _Alloc>::_S_max_size(const _Tp_alloc_type&) [with _Tp = gpio*; _Alloc = std::allocator<gpio*>]	24	static
c:\nxp\mcuxpressoide_11.8.0_1165\ide\plugins\com.nxp.mcuxpresso.tools.win32_11.8.0.202306131047\tools\arm-none-eabi\include\c++\12.2.1\bits\stl_vector.h:303:7:const std::_Vector_base<_Tp, _Alloc>::_Tp_alloc_type& std::_Vector_base<_Tp, _Alloc>::_M_get_Tp_allocator() const [with _Tp = gpio*; _Alloc = std::allocator<gpio*>]	16	static
c:\nxp\mcuxpressoide_11.8.0_1165\ide\plugins\com.nxp.mcuxpresso.tools.win32_11.8.0.202306131047\tools\arm-none-eabi\include\c++\12.2.1\bits\new_allocator.h:112:7:_Tp* std::__new_allocator<_Tp>::allocate(size_type, const void*) [with _Tp = gpio*]	24	static
c:\nxp\mcuxpressoide_11.8.0_1165\ide\plugins\com.nxp.mcuxpresso.tools.win32_11.8.0.202306131047\tools\arm-none-eabi\include\c++\12.2.1\bits\stl_algobase.h:313:5:_Iterator std::__niter_base(_Iterator) [with _Iterator = gpio**]	16	static
c:\nxp\mcuxpressoide_11.8.0_1165\ide\plugins\com.nxp.mcuxpresso.tools.win32_11.8.0.202306131047\tools\arm-none-eabi\include\c++\12.2.1\bits\stl_uninitialized.h:1100:5:std::__enable_if_t<std::__is_bitwise_relocatable<_Tp>::value, _Tp*> std::__relocate_a_1(_Tp*, _Tp*, _Tp*, allocator<_T2>&) [with _Tp = gpio*; _Up = gpio*]	32	static
c:\nxp\mcuxpressoide_11.8.0_1165\ide\plugins\com.nxp.mcuxpresso.tools.win32_11.8.0.202306131047\tools\arm-none-eabi\include\c++\12.2.1\bits\stl_construct.h:172:9:static void std::_Destroy_aux<true>::__destroy(_ForwardIterator, _ForwardIterator) [with _ForwardIterator = gpio**]	16	static
c:\nxp\mcuxpressoide_11.8.0_1165\ide\plugins\com.nxp.mcuxpresso.tools.win32_11.8.0.202306131047\tools\arm-none-eabi\include\c++\12.2.1\bits\stl_vector.h:993:7:std::vector<_Tp, _Alloc>::size_type std::vector<_Tp, _Alloc>::max_size() const [with _Tp = gruposdedigitos*; _Alloc = std::allocator<gruposdedigitos*>]	16	static
c:\nxp\mcuxpressoide_11.8.0_1165\ide\plugins\com.nxp.mcuxpresso.tools.win32_11.8.0.202306131047\tools\arm-none-eabi\include\c++\12.2.1\bits\alloc_traits.h:463:7:static _Tp* std::allocator_traits<std::allocator<_Tp1> >::allocate(allocator_type&, size_type) [with _Tp = gruposdedigitos*]	16	static
c:\nxp\mcuxpressoide_11.8.0_1165\ide\plugins\com.nxp.mcuxpresso.tools.win32_11.8.0.202306131047\tools\arm-none-eabi\include\c++\12.2.1\bits\stl_uninitialized.h:1127:5:_ForwardIterator std::__relocate_a(_InputIterator, _InputIterator, _ForwardIterator, _Allocator&) [with _InputIterator = gruposdedigitos**; _ForwardIterator = gruposdedigitos**; _Allocator = allocator<gruposdedigitos*>]	32	static
c:\nxp\mcuxpressoide_11.8.0_1165\ide\plugins\com.nxp.mcuxpresso.tools.win32_11.8.0.202306131047\tools\arm-none-eabi\include\c++\12.2.1\bits\new_allocator.h:83:7:std::__new_allocator<_Tp>::__new_allocator(const std::__new_allocator<_Tp>&) [with _Tp = gruposdedigitos*]	16	static
c:\nxp\mcuxpressoide_11.8.0_1165\ide\plugins\com.nxp.mcuxpresso.tools.win32_11.8.0.202306131047\tools\arm-none-eabi\include\c++\12.2.1\bits\stl_algobase.h:611:5:_OI std::copy(_II, _II, _OI) [with _II = __gnu_cxx::__normal_iterator<gruposdedigitos* const*, vector<gruposdedigitos*> >; _OI = gruposdedigitos**]	32	static
c:\nxp\mcuxpressoide_11.8.0_1165\ide\plugins\com.nxp.mcuxpresso.tools.win32_11.8.0.202306131047\tools\arm-none-eabi\include\c++\12.2.1\bits\alloc_traits.h:547:7:static std::allocator_traits<std::allocator<_Tp1> >::size_type std::allocator_traits<std::allocator<_Tp1> >::max_size(const allocator_type&) [with _Tp = gpio*]	16	static
c:\nxp\mcuxpressoide_11.8.0_1165\ide\plugins\com.nxp.mcuxpresso.tools.win32_11.8.0.202306131047\tools\arm-none-eabi\include\c++\12.2.1\bits\stl_algobase.h:230:5:constexpr const _Tp& std::min(const _Tp&, const _Tp&) [with _Tp = unsigned int]	16	static
c:\nxp\mcuxpressoide_11.8.0_1165\ide\plugins\com.nxp.mcuxpresso.tools.win32_11.8.0.202306131047\tools\arm-none-eabi\include\c++\12.2.1\bits\new_allocator.h:210:7:constexpr std::__new_allocator<_Tp>::size_type std::__new_allocator<_Tp>::_M_max_size() const [with _Tp = gpio*]	16	static
c:\nxp\mcuxpressoide_11.8.0_1165\ide\plugins\com.nxp.mcuxpresso.tools.win32_11.8.0.202306131047\tools\arm-none-eabi\include\c++\12.2.1\bits\stl_vector.h:1911:7:static std::vector<_Tp, _Alloc>::size_type std::vector<_Tp, _Alloc>::_S_max_size(const _Tp_alloc_type&) [with _Tp = gruposdedigitos*; _Alloc = std::allocator<gruposdedigitos*>]	24	static
c:\nxp\mcuxpressoide_11.8.0_1165\ide\plugins\com.nxp.mcuxpresso.tools.win32_11.8.0.202306131047\tools\arm-none-eabi\include\c++\12.2.1\bits\new_allocator.h:112:7:_Tp* std::__new_allocator<_Tp>::allocate(size_type, const void*) [with _Tp = gruposdedigitos*]	24	static
c:\nxp\mcuxpressoide_11.8.0_1165\ide\plugins\com.nxp.mcuxpresso.tools.win32_11.8.0.202306131047\tools\arm-none-eabi\include\c++\12.2.1\bits\stl_algobase.h:313:5:_Iterator std::__niter_base(_Iterator) [with _Iterator = gruposdedigitos**]	16	static
c:\nxp\mcuxpressoide_11.8.0_1165\ide\plugins\com.nxp.mcuxpresso.tools.win32_11.8.0.202306131047\tools\arm-none-eabi\include\c++\12.2.1\bits\stl_uninitialized.h:1100:5:std::__enable_if_t<std::__is_bitwise_relocatable<_Tp>::value, _Tp*> std::__relocate_a_1(_Tp*, _Tp*, _Tp*, allocator<_T2>&) [with _Tp = gruposdedigitos*; _Up = gruposdedigitos*]	32	static
c:\nxp\mcuxpressoide_11.8.0_1165\ide\plugins\com.nxp.mcuxpresso.tools.win32_11.8.0.202306131047\tools\arm-none-eabi\include\c++\12.2.1\bits\cpp_type_traits.h:562:5:_Iterator std::__miter_base(_Iterator) [with _Iterator = __gnu_cxx::__normal_iterator<gruposdedigitos* const*, vector<gruposdedigitos*> >]	16	static
c:\nxp\mcuxpressoide_11.8.0_1165\ide\plugins\com.nxp.mcuxpresso.tools.win32_11.8.0.202306131047\tools\arm-none-eabi\include\c++\12.2.1\bits\stl_algobase.h:527:5:_OI std::__copy_move_a(_II, _II, _OI) [with bool _IsMove = false; _II = __gnu_cxx::__normal_iterator<gruposdedigitos* const*, vector<gruposdedigitos*> >; _OI = gruposdedigitos**]	32	static
c:\nxp\mcuxpressoide_11.8.0_1165\ide\plugins\com.nxp.mcuxpresso.tools.win32_11.8.0.202306131047\tools\arm-none-eabi\include\c++\12.2.1\bits\new_allocator.h:167:7:std::__new_allocator<_Tp>::size_type std::__new_allocator<_Tp>::max_size() const [with _Tp = gpio*]	16	static
c:\nxp\mcuxpressoide_11.8.0_1165\ide\plugins\com.nxp.mcuxpresso.tools.win32_11.8.0.202306131047\tools\arm-none-eabi\include\c++\12.2.1\bits\alloc_traits.h:547:7:static std::allocator_traits<std::allocator<_Tp1> >::size_type std::allocator_traits<std::allocator<_Tp1> >::max_size(const allocator_type&) [with _Tp = gruposdedigitos*]	16	static
c:\nxp\mcuxpressoide_11.8.0_1165\ide\plugins\com.nxp.mcuxpresso.tools.win32_11.8.0.202306131047\tools\arm-none-eabi\include\c++\12.2.1\bits\new_allocator.h:210:7:constexpr std::__new_allocator<_Tp>::size_type std::__new_allocator<_Tp>::_M_max_size() const [with _Tp = gruposdedigitos*]	16	static
c:\nxp\mcuxpressoide_11.8.0_1165\ide\plugins\com.nxp.mcuxpresso.tools.win32_11.8.0.202306131047\tools\arm-none-eabi\include\c++\12.2.1\bits\stl_iterator.h:1353:5:_Iterator std::__niter_base(__gnu_cxx::__normal_iterator<_Iterator, _Container>) [with _Iterator = gruposdedigitos* const*; _Container = vector<gruposdedigitos*>]	16	static
c:\nxp\mcuxpressoide_11.8.0_1165\ide\plugins\com.nxp.mcuxpresso.tools.win32_11.8.0.202306131047\tools\arm-none-eabi\include\c++\12.2.1\bits\stl_algobase.h:521:5:_OI std::__copy_move_a1(_II, _II, _OI) [with bool _IsMove = false; _II = gruposdedigitos* const*; _OI = gruposdedigitos**]	24	static
c:\nxp\mcuxpressoide_11.8.0_1165\ide\plugins\com.nxp.mcuxpresso.tools.win32_11.8.0.202306131047\tools\arm-none-eabi\include\c++\12.2.1\bits\stl_algobase.h:335:5:_Iterator std::__niter_wrap(const _Iterator&, _Iterator) [with _Iterator = gruposdedigitos**]	16	static
c:\nxp\mcuxpressoide_11.8.0_1165\ide\plugins\com.nxp.mcuxpresso.tools.win32_11.8.0.202306131047\tools\arm-none-eabi\include\c++\12.2.1\bits\new_allocator.h:167:7:std::__new_allocator<_Tp>::size_type std::__new_allocator<_Tp>::max_size() const [with _Tp = gruposdedigitos*]	16	static
c:\nxp\mcuxpressoide_11.8.0_1165\ide\plugins\com.nxp.mcuxpresso.tools.win32_11.8.0.202306131047\tools\arm-none-eabi\include\c++\12.2.1\bits\stl_iterator.h:1158:7:const _Iterator& __gnu_cxx::__normal_iterator<_Iterator, _Container>::base() const [with _Iterator = gruposdedigitos* const*; _Container = std::vector<gruposdedigitos*>]	16	static
c:\nxp\mcuxpressoide_11.8.0_1165\ide\plugins\com.nxp.mcuxpresso.tools.win32_11.8.0.202306131047\tools\arm-none-eabi\include\c++\12.2.1\bits\stl_algobase.h:486:5:_OI std::__copy_move_a2(_II, _II, _OI) [with bool _IsMove = false; _II = gruposdedigitos* const*; _OI = gruposdedigitos**]	24	static
c:\nxp\mcuxpressoide_11.8.0_1165\ide\plugins\com.nxp.mcuxpresso.tools.win32_11.8.0.202306131047\tools\arm-none-eabi\include\c++\12.2.1\bits\stl_algobase.h:420:2:static _Tp* std::__copy_move<_IsMove, true, std::random_access_iterator_tag>::__copy_m(const _Tp*, const _Tp*, _Tp*) [with _Tp = gruposdedigitos*; bool _IsMove = false]	32	static
c:\nxp\mcuxpressoide_11.8.0_1165\ide\plugins\com.nxp.mcuxpresso.tools.win32_11.8.0.202306131047\tools\arm-none-eabi\include\c++\12.2.1\bits\stl_list.h:903:7:std::__cxx11::list<_Tp, _Alloc>::~list() [with _Tp = Callback*; _Alloc = std::allocator<Callback*>]	16	static
D:\Desktop\Proyecto Info 2\AccessIO\src\02-gpio/gpio.h:42:7:gpio::~gpio()	16	static
D:\Desktop\Proyecto Info 2\AccessIO\src\02-gpio/gpio.h:42:7:virtual gpio::~gpio()	16	static
../src/aplicacion/inicializarInfotronic.cpp:226:1:void __static_initialization_and_destruction_0(int, int)	32	static
c:\nxp\mcuxpressoide_11.8.0_1165\ide\plugins\com.nxp.mcuxpresso.tools.win32_11.8.0.202306131047\tools\arm-none-eabi\include\c++\12.2.1\bits\stl_vector.h:728:7:std::vector<_Tp, _Alloc>::~vector() [with _Tp = gpio*; _Alloc = std::allocator<gpio*>]	24	static
../src/aplicacion/inicializarInfotronic.cpp:226:1:cpp)	8	static
