c:\nxp\mcuxpressoide_11.8.0_1165\ide\plugins\com.nxp.mcuxpresso.tools.win32_11.8.0.202306131047\tools\arm-none-eabi\include\c++\12.2.1\new:174:33:void* operator new(std::size_t, void*)	16	static
../src/06-timer/timer.cpp:42:1:timer::timer()	24	static
../src/06-timer/timer.cpp:54:1:timer::timer(Timer_Handler, bases_t)	32	static
../src/06-timer/timer.cpp:66:1:timer::~timer()	16	static
../src/06-timer/timer.cpp:66:1:virtual timer::~timer()	16	static
../src/06-timer/timer.cpp:79:6:void timer::TimerStart(uint32_t, Timer_Handler, bases_t)	24	static
../src/06-timer/timer.cpp:110:6:void timer::TimerStart(uint32_t)	16	static
../src/06-timer/timer.cpp:146:6:void timer::SetTimer(uint32_t)	16	static
../src/06-timer/timer.cpp:173:6:void timer::GetTimer(uint32_t&) const	16	static
../src/06-timer/timer.cpp:200:6:void timer::StandByTimer(standby_t)	16	static
../src/06-timer/timer.cpp:212:6:void timer::TimerStop()	16	static
../src/06-timer/timer.cpp:227:6:virtual void timer::callback()	16	static
../src/06-timer/timer.cpp:249:6:bool timer::operator==(uint32_t)	16	static
../src/06-timer/timer.cpp:268:6:bool operator==(uint32_t, timer&)	16	static
../src/06-timer/timer.cpp:282:8:timer& timer::operator=(uint32_t)	16	static
../src/06-timer/timer.cpp:308:7:bool timer::operator!()	16	static
../src/06-timer/timer.cpp:317:1:timer::operator bool()	16	static
../src/06-timer/timer.cpp:322:7:void timer::TmrEvent()	16	static
c:\nxp\mcuxpressoide_11.8.0_1165\ide\plugins\com.nxp.mcuxpresso.tools.win32_11.8.0.202306131047\tools\arm-none-eabi\include\c++\12.2.1\bits\stl_list.h:1310:7:void std::__cxx11::list<_Tp, _Alloc>::push_back(value_type&&) [with _Tp = Callback*; _Alloc = std::allocator<Callback*>]	24	static
c:\nxp\mcuxpressoide_11.8.0_1165\ide\plugins\com.nxp.mcuxpresso.tools.win32_11.8.0.202306131047\tools\arm-none-eabi\include\c++\12.2.1\bits\stl_list.h:1042:7:std::__cxx11::list<_Tp, _Alloc>::iterator std::__cxx11::list<_Tp, _Alloc>::end() [with _Tp = Callback*; _Alloc = std::allocator<Callback*>]	24	static
c:\nxp\mcuxpressoide_11.8.0_1165\ide\plugins\com.nxp.mcuxpresso.tools.win32_11.8.0.202306131047\tools\arm-none-eabi\include\c++\12.2.1\bits\move.h:104:5:constexpr typename std::remove_reference<_Tp>::type&& std::move(_Tp&&) [with _Tp = Callback*&]	16	static
c:\nxp\mcuxpressoide_11.8.0_1165\ide\plugins\com.nxp.mcuxpresso.tools.win32_11.8.0.202306131047\tools\arm-none-eabi\include\c++\12.2.1\bits\stl_list.h:2003:8:) [with _Args = {Callback*}; _Tp = Callback*; _Alloc = std::allocator<Callback*>]	32	static
c:\nxp\mcuxpressoide_11.8.0_1165\ide\plugins\com.nxp.mcuxpresso.tools.win32_11.8.0.202306131047\tools\arm-none-eabi\include\c++\12.2.1\bits\stl_list.h:268:7:std::_List_iterator< <template-parameter-1-1> >::_List_iterator(std::__detail::_List_node_base*) [with _Tp = Callback*]	16	static
c:\nxp\mcuxpressoide_11.8.0_1165\ide\plugins\com.nxp.mcuxpresso.tools.win32_11.8.0.202306131047\tools\arm-none-eabi\include\c++\12.2.1\bits\move.h:77:5:constexpr _Tp&& std::forward(typename remove_reference<_Tp>::type&) [with _Tp = Callback*]	16	static
c:\nxp\mcuxpressoide_11.8.0_1165\ide\plugins\com.nxp.mcuxpresso.tools.win32_11.8.0.202306131047\tools\arm-none-eabi\include\c++\12.2.1\bits\stl_list.h:708:2:) [with _Args = {Callback*}; _Tp = Callback*; _Alloc = std::allocator<Callback*>]	40	static
c:\nxp\mcuxpressoide_11.8.0_1165\ide\plugins\com.nxp.mcuxpresso.tools.win32_11.8.0.202306131047\tools\arm-none-eabi\include\c++\12.2.1\bits\stl_list.h:484:12:void std::__cxx11::_List_base<_Tp, _Alloc>::_M_inc_size(std::size_t) [with _Tp = Callback*; _Alloc = std::allocator<Callback*>]	16	static
c:\nxp\mcuxpressoide_11.8.0_1165\ide\plugins\com.nxp.mcuxpresso.tools.win32_11.8.0.202306131047\tools\arm-none-eabi\include\c++\12.2.1\bits\stl_list.h:517:7:typename std::__cxx11::_List_base<_Tp, _Alloc>::_Node_alloc_traits::pointer std::__cxx11::_List_base<_Tp, _Alloc>::_M_get_node() [with _Tp = Callback*; _Alloc = std::allocator<Callback*>]	16	static
c:\nxp\mcuxpressoide_11.8.0_1165\ide\plugins\com.nxp.mcuxpresso.tools.win32_11.8.0.202306131047\tools\arm-none-eabi\include\c++\12.2.1\bits\stl_list.h:528:7:std::__cxx11::_List_base<_Tp, _Alloc>::_Node_alloc_type& std::__cxx11::_List_base<_Tp, _Alloc>::_M_get_Node_allocator() [with _Tp = Callback*; _Alloc = std::allocator<Callback*>]	16	static
c:\nxp\mcuxpressoide_11.8.0_1165\ide\plugins\com.nxp.mcuxpresso.tools.win32_11.8.0.202306131047\tools\arm-none-eabi\include\c++\12.2.1\bits\allocated_ptr.h:53:7:std::__allocated_ptr<_Alloc>::__allocated_ptr(_Alloc&, pointer) [with _Alloc = std::allocator<std::_List_node<Callback*> >]	24	static
c:\nxp\mcuxpressoide_11.8.0_1165\ide\plugins\com.nxp.mcuxpresso.tools.win32_11.8.0.202306131047\tools\arm-none-eabi\include\c++\12.2.1\bits\allocated_ptr.h:71:7:std::__allocated_ptr<_Alloc>::~__allocated_ptr() [with _Alloc = std::allocator<std::_List_node<Callback*> >]	16	static
c:\nxp\mcuxpressoide_11.8.0_1165\ide\plugins\com.nxp.mcuxpresso.tools.win32_11.8.0.202306131047\tools\arm-none-eabi\include\c++\12.2.1\bits\stl_list.h:238:18:_Tp* std::_List_node<_Tp>::_M_valptr() [with _Tp = Callback*]	16	static
c:\nxp\mcuxpressoide_11.8.0_1165\ide\plugins\com.nxp.mcuxpresso.tools.win32_11.8.0.202306131047\tools\arm-none-eabi\include\c++\12.2.1\bits\alloc_traits.h:511:2:) [with _Up = Callback*; _Args = {Callback*}; _Tp = std::_List_node<Callback*>]	24	static
c:\nxp\mcuxpressoide_11.8.0_1165\ide\plugins\com.nxp.mcuxpresso.tools.win32_11.8.0.202306131047\tools\arm-none-eabi\include\c++\12.2.1\bits\allocated_ptr.h:79:7:std::__allocated_ptr<_Alloc>& std::__allocated_ptr<_Alloc>::operator=(std::nullptr_t) [with _Alloc = std::allocator<std::_List_node<Callback*> >]	16	static
c:\nxp\mcuxpressoide_11.8.0_1165\ide\plugins\com.nxp.mcuxpresso.tools.win32_11.8.0.202306131047\tools\arm-none-eabi\include\c++\12.2.1\bits\alloc_traits.h:463:7:static _Tp* std::allocator_traits<std::allocator<_Tp1> >::allocate(allocator_type&, size_type) [with _Tp = std::_List_node<Callback*>]	16	static
c:\nxp\mcuxpressoide_11.8.0_1165\ide\plugins\com.nxp.mcuxpresso.tools.win32_11.8.0.202306131047\tools\arm-none-eabi\include\c++\12.2.1\bits\move.h:49:5:constexpr _Tp* std::__addressof(_Tp&) [with _Tp = allocator<_List_node<Callback*> >]	16	static
c:\nxp\mcuxpressoide_11.8.0_1165\ide\plugins\com.nxp.mcuxpresso.tools.win32_11.8.0.202306131047\tools\arm-none-eabi\include\c++\12.2.1\bits\alloc_traits.h:495:7:static void std::allocator_traits<std::allocator<_Tp1> >::deallocate(allocator_type&, pointer, size_type) [with _Tp = std::_List_node<Callback*>]	24	static
c:\nxp\mcuxpressoide_11.8.0_1165\ide\plugins\com.nxp.mcuxpresso.tools.win32_11.8.0.202306131047\tools\arm-none-eabi\include\c++\12.2.1\ext\aligned_buffer.h:72:7:_Tp* __gnu_cxx::__aligned_membuf<_Tp>::_M_ptr() [with _Tp = Callback*]	16	static
c:\nxp\mcuxpressoide_11.8.0_1165\ide\plugins\com.nxp.mcuxpresso.tools.win32_11.8.0.202306131047\tools\arm-none-eabi\include\c++\12.2.1\bits\new_allocator.h:173:2:) [with _Up = Callback*; _Args = {Callback*}; _Tp = std::_List_node<Callback*>]	32	static
c:\nxp\mcuxpressoide_11.8.0_1165\ide\plugins\com.nxp.mcuxpresso.tools.win32_11.8.0.202306131047\tools\arm-none-eabi\include\c++\12.2.1\bits\new_allocator.h:112:7:_Tp* std::__new_allocator<_Tp>::allocate(size_type, const void*) [with _Tp = std::_List_node<Callback*>]	24	static
c:\nxp\mcuxpressoide_11.8.0_1165\ide\plugins\com.nxp.mcuxpresso.tools.win32_11.8.0.202306131047\tools\arm-none-eabi\include\c++\12.2.1\bits\new_allocator.h:142:7:void std::__new_allocator<_Tp>::deallocate(_Tp*, size_type) [with _Tp = std::_List_node<Callback*>]	24	static
c:\nxp\mcuxpressoide_11.8.0_1165\ide\plugins\com.nxp.mcuxpresso.tools.win32_11.8.0.202306131047\tools\arm-none-eabi\include\c++\12.2.1\ext\aligned_buffer.h:64:7:void* __gnu_cxx::__aligned_membuf<_Tp>::_M_addr() [with _Tp = Callback*]	16	static
c:\nxp\mcuxpressoide_11.8.0_1165\ide\plugins\com.nxp.mcuxpresso.tools.win32_11.8.0.202306131047\tools\arm-none-eabi\include\c++\12.2.1\bits\new_allocator.h:210:7:constexpr std::__new_allocator<_Tp>::size_type std::__new_allocator<_Tp>::_M_max_size() const [with _Tp = std::_List_node<Callback*>]	16	static
