../src/12-USART/uart.cpp:44:1:uart::uart(uint8_t, uint8_t, uint8_t, uint8_t, USART_Type*, uint32_t, bits_de_datos, paridad_t, uint32_t, uint32_t)	32	static
../src/12-USART/uart.cpp:167:1:uart::~uart()	16	static
../src/12-USART/uart.cpp:167:1:virtual uart::~uart()	16	static
../src/12-USART/uart.cpp:171:6:virtual void uart::pushRx(uint8_t)	16	static
../src/12-USART/uart.cpp:178:9:virtual uint8_t uart::popRx(uint8_t*)	16	static
../src/12-USART/uart.cpp:190:6:virtual void uart::pushTx(uint8_t)	16	static
../src/12-USART/uart.cpp:197:9:virtual uint8_t uart::popTx(uint8_t*)	16	static
../src/12-USART/uart.cpp:209:6:virtual void uart::Transmit(const char*)	16	static
../src/12-USART/uart.cpp:224:6:virtual void uart::Transmit(void*, uint32_t)	32	static
../src/12-USART/uart.cpp:238:7:virtual void* uart::Message(void*, uint32_t)	40	static
../src/12-USART/uart.cpp:258:6:void uart::Tx_EnableInterupt()	16	static
../src/12-USART/uart.cpp:263:6:void uart::Tx_DisableInterupt()	16	static
../src/12-USART/uart.cpp:268:6:virtual void uart::UART_IRQHandler()	40	static
../src/12-USART/uart.cpp:294:6:void UART0_IRQHandler()	8	static
../src/12-USART/uart.cpp:298:6:void UART1_IRQHandler()	8	static
../src/12-USART/uart.cpp:302:6:void UART2_IRQHandler()	8	static
../src/12-USART/uart.cpp:306:6:void PININT6_IRQHandler()	8	static
../src/12-USART/uart.cpp:310:7:void PININT7_IRQHandler()	8	static
